CxlResult:C:\Users\lucas\Documents\fpga\lab2\Lab2_afterlab\Lab2\lab2_3_1/simprims_ver/.cxl.verilog.simprim.simprim.nt64.rpt =
	ExecutionPlatform = nt64 ,
	SourceLibrary = simprim ,
	SourcePath = C:\Xilinx\Vivado\2019.2\data/verilog/src/unisims ,
	Simulator = active_hdl ,
	SimulatorVersion = 10.5.217.6767 ,
	CompiledLibrary = simprims_ver ,
	CompiledPath = C:\Users\lucas\Documents\fpga\lab2\Lab2_afterlab\Lab2\lab2_3_1/simprims_ver ,
	Timestamp = Wed Feb  5 22:37:16 2020 ,
	Time = 1580963835 ,
	Language = verilog ,
	XilinxVersion = 2019.2 ,
	LogFile = C:\Users\lucas\Documents\fpga\lab2\Lab2_afterlab\Lab2\lab2_3_1/simprims_ver/.cxl.verilog.simprim.simprims_ver.nt64.log ,
	NumOfErrors = 2 ,
	NumOfWarnings = 3 ,
	Error = C:/Aldec/Active-HDL-Student-Edition/bin/vlog -v2k5 +define+XIL_TIMING -work simprims_ver -f C:\Users\lucas\Documents\fpga\lab2\Lab2_afterlab\Lab2\lab2_3_1/simprims_ver/.cxl.verilog.simprim.simprims_ver.nt64.cmf ,
	Error = C:/Aldec/Active-HDL-Student-Edition/bin/vlog -v2k5 +define+XIL_TIMING -sv2k12 -work simprims_ver -f C:\Users\lucas\Documents\fpga\lab2\Lab2_afterlab\Lab2\lab2_3_1/simprims_ver/.cxl.systemverilog.simprim.simprims_ver.nt64.cmf ,
