simprims_ver|C:/Xilinx/Vivado/2019.2/data/verilog/src/unisims/HSADC.v_HSDAC.v_GTM_DUAL.sv_URAM288E5.sv_URAM288E5_BASE.sv|C:/Users/lucas/Documents/fpga/lab2/Lab2_afterlab/Lab2/lab2_3_1/simprims_ver/refresh.tmp|C:/Users/lucas/Documents/fpga/lab2/Lab2_afterlab/Lab2/lab2_3_1/simprims_ver/vcp_cmd.encr|1580964327.00
