CxlResult:C:\Users\lucas\Documents\fpga\lab2\Lab2_afterlab\Lab2\lab2_3_1/qdma_v3_0_3/.cxl.verilog.qdma_v3_0_3.qdma_v3_0_3.nt64.rpt =
	ExecutionPlatform = nt64 ,
	SourceLibrary = qdma_v3_0_3 ,
	SourcePath = C:\Xilinx\Vivado\2019.2\data ,
	Simulator = active_hdl ,
	SimulatorVersion = 10.5.217.6767 ,
	CompiledLibrary = qdma_v3_0_3 ,
	CompiledPath = C:\Users\lucas\Documents\fpga\lab2\Lab2_afterlab\Lab2\lab2_3_1/qdma_v3_0_3 ,
	Timestamp = Wed Feb  5 22:37:16 2020 ,
	Time = 1580963835 ,
	Language = verilog ,
	XilinxVersion = 2019.2 ,
	LogFile = C:\Users\lucas\Documents\fpga\lab2\Lab2_afterlab\Lab2\lab2_3_1/qdma_v3_0_3/.cxl.verilog.qdma_v3_0_3.qdma_v3_0_3.nt64.log ,
	NumOfErrors = 1 ,
	NumOfWarnings = 1 ,
	Error = C:/Aldec/Active-HDL-Student-Edition/bin/vlog  -l qdma_v3_0_3 +incdir+C:\Users\lucas\Documents\fpga\lab2\Lab2_afterlab\Lab2\lab2_3_1\.cxl.ip/incl -sv2k12 -work qdma_v3_0_3 -f C:\Users\lucas\Documents\fpga\lab2\Lab2_afterlab\Lab2\lab2_3_1/qdma_v3_0_3/.cxl.systemverilog.qdma_v3_0_3.qdma_v3_0_3.nt64.cmf ,
